16:13:29 **** Incremental Build of configuration Debug for project gpio_leds ****
make pre-build main-build 
a9-linaro-pre-build-step
' '
make: Nothing to be done for 'main-build'.
16:14:26 **** Incremental Build of configuration Debug for project gpio_leds ****
make pre-build main-build 
a9-linaro-pre-build-step
' '
make: Nothing to be done for 'main-build'.
16:16:29 **** Incremental Build of configuration Debug for project gpio_leds ****
make pre-build main-build 
a9-linaro-pre-build-step
' '
'Building file: ../src/freertos_hello_world.c'
'Invoking: ARM v7 gcc compiler'
arm-none-eabi-gcc -Wall -O0 -g3 -c -fmessage-length=0 -MT"src/freertos_hello_world.o" -mcpu=cortex-a9 -mfpu=vfpv3 -mfloat-abi=hard -I../../gpio_leds_bsp/ps7_cortexa9_0/include -MMD -MP -MF"src/freertos_hello_world.d" -MT"src/freertos_hello_world.o" -o "src/freertos_hello_world.o" "../src/freertos_hello_world.c"
'Finished building: ../src/freertos_hello_world.c'
' '
'Building target: gpio_leds.elf'
'Invoking: ARM v7 gcc linker'
arm-none-eabi-gcc -mcpu=cortex-a9 -mfpu=vfpv3 -mfloat-abi=hard -Wl,-build-id=none -specs=Xilinx.spec -Wl,-T -Wl,../src/lscript.ld -L../../gpio_leds_bsp/ps7_cortexa9_0/lib -o "gpio_leds.elf"  ./src/freertos_hello_world.o   -Wl,--start-group,-lxil,-lfreertos,-lgcc,-lc,--end-group
'Finished building target: gpio_leds.elf'
' '
'Invoking: ARM v7 Print Size'
arm-none-eabi-size gpio_leds.elf  |tee "gpio_leds.elf.size"
   text	   data	    bss	    dec	    hex	filename
  78636	   3408	  89424	 171468	  29dcc	gpio_leds.elf
'Finished building: gpio_leds.elf.size'
' '
16:17:36 **** Incremental Build of configuration Debug for project gpio_leds ****
make pre-build main-build 
a9-linaro-pre-build-step
' '
'Building file: ../src/freertos_hello_world.c'
'Invoking: ARM v7 gcc compiler'
arm-none-eabi-gcc -Wall -O0 -g3 -c -fmessage-length=0 -MT"src/freertos_hello_world.o" -mcpu=cortex-a9 -mfpu=vfpv3 -mfloat-abi=hard -I../../gpio_leds_bsp/ps7_cortexa9_0/include -MMD -MP -MF"src/freertos_hello_world.d" -MT"src/freertos_hello_world.o" -o "src/freertos_hello_world.o" "../src/freertos_hello_world.c"
'Finished building: ../src/freertos_hello_world.c'
' '
'Building target: gpio_leds.elf'
'Invoking: ARM v7 gcc linker'
arm-none-eabi-gcc -mcpu=cortex-a9 -mfpu=vfpv3 -mfloat-abi=hard -Wl,-build-id=none -specs=Xilinx.spec -Wl,-T -Wl,../src/lscript.ld -L../../gpio_leds_bsp/ps7_cortexa9_0/lib -o "gpio_leds.elf"  ./src/freertos_hello_world.o   -Wl,--start-group,-lxil,-lfreertos,-lgcc,-lc,--end-group
'Finished building target: gpio_leds.elf'
' '
'Invoking: ARM v7 Print Size'
arm-none-eabi-size gpio_leds.elf  |tee "gpio_leds.elf.size"
   text	   data	    bss	    dec	    hex	filename
  78636	   3408	  89424	 171468	  29dcc	gpio_leds.elf
'Finished building: gpio_leds.elf.size'
' '
