22:22:19 **** Incremental Build of configuration Debug for project Part1 ****
make pre-build main-build 
a9-linaro-pre-build-step
' '
'Building file: ../src/Part1.c'
'Invoking: ARM v7 gcc compiler'
arm-none-eabi-gcc -Wall -O0 -g3 -c -fmessage-length=0 -MT"src/Part1.o" -mcpu=cortex-a9 -mfpu=vfpv3 -mfloat-abi=hard -I../../Part1_bsp/ps7_cortexa9_0/include -MMD -MP -MF"src/Part1.d" -MT"src/Part1.o" -o "src/Part1.o" "../src/Part1.c"
'Finished building: ../src/Part1.c'
' '
'Building target: Part1.elf'
'Invoking: ARM v7 gcc linker'
arm-none-eabi-gcc -mcpu=cortex-a9 -mfpu=vfpv3 -mfloat-abi=hard -Wl,-build-id=none -specs=Xilinx.spec -Wl,-T -Wl,../src/lscript.ld -L../../Part1_bsp/ps7_cortexa9_0/lib -o "Part1.elf"  ./src/Part1.o ./src/pmodkypd.o   -Wl,--start-group,-lxil,-lfreertos,-lgcc,-lc,--end-group
'Finished building target: Part1.elf'
' '
'Invoking: ARM v7 Print Size'
arm-none-eabi-size Part1.elf  |tee "Part1.elf.size"
   text	   data	    bss	    dec	    hex	filename
  80964	   3448	  89456	 173868	  2a72c	Part1.elf
'Finished building: Part1.elf.size'
' '

22:22:20 Build Finished (took 769ms)

