21:33:29 **** Incremental Build of configuration Debug for project part3 ****
make pre-build main-build 
a9-linaro-pre-build-step
' '
'Building file: ../src/part3.c'
'Invoking: ARM v7 gcc compiler'
arm-none-eabi-gcc -Wall -O0 -g3 -c -fmessage-length=0 -MT"src/part3.o" -mcpu=cortex-a9 -mfpu=vfpv3 -mfloat-abi=hard -I../../part3_bsp/ps7_cortexa9_0/include -MMD -MP -MF"src/part3.d" -MT"src/part3.o" -o "src/part3.o" "../src/part3.c"
../src/part3.c: In function 'prvTxTask':
../src/part3.c:133:14: warning: variable 'uxPriority' set but not used [-Wunused-but-set-variable]
  UBaseType_t uxPriority;
              ^~~~~~~~~~
../src/part3.c: In function 'prvRxTask':
../src/part3.c:266:4: warning: implicit declaration of function 'sprintf' [-Wimplicit-function-declaration]
    sprintf(op1, "%d", store_operands[0]);
    ^~~~~~~
../src/part3.c:266:4: warning: incompatible implicit declaration of built-in function 'sprintf'
../src/part3.c:266:4: note: include '<stdio.h>' or provide a declaration of 'sprintf'
../src/part3.c:50:1:
+#include <stdio.h>
 
../src/part3.c:266:4:
    sprintf(op1, "%d", store_operands[0]);
    ^~~~~~~
../src/part3.c:266:19: warning: format '%d' expects argument of type 'int', but argument 3 has type 'u32' {aka 'long unsigned int'} [-Wformat=]
    sprintf(op1, "%d", store_operands[0]);
                  ~^   ~~~~~~~~~~~~~~~~~
                  %ld
../src/part3.c:267:19: warning: format '%d' expects argument of type 'int', but argument 3 has type 'u32' {aka 'long unsigned int'} [-Wformat=]
    sprintf(op2, "%d", store_operands[1]);
                  ~^   ~~~~~~~~~~~~~~~~~
                  %ld
../src/part3.c:233:7: warning: unused variable 'result' [-Wunused-variable]
   u32 result = 0;
       ^~~~~~
'Finished building: ../src/part3.c'
' '
'Building target: part3.elf'
'Invoking: ARM v7 gcc linker'
arm-none-eabi-gcc -mcpu=cortex-a9 -mfpu=vfpv3 -mfloat-abi=hard -Wl,-build-id=none -specs=Xilinx.spec -Wl,-T -Wl,../src/lscript.ld -L../../part3_bsp/ps7_cortexa9_0/lib -o "part3.elf"  ./src/part3.o ./src/pmodkypd.o   -Wl,--start-group,-lxil,-lfreertos,-lgcc,-lc,--end-group
'Finished building target: part3.elf'
' '
'Invoking: ARM v7 Print Size'
arm-none-eabi-size part3.elf  |tee "part3.elf.size"
   text	   data	    bss	    dec	    hex	filename
  82152	   3448	  89456	 175056	  2abd0	part3.elf
'Finished building: part3.elf.size'
' '

21:33:30 Build Finished (took 710ms)

