#-----------------------------------------------------------
# Vivado v2019.1 (64-bit)
# SW Build 2552052 on Fri May 24 14:49:42 MDT 2019
# IP Build 2548770 on Fri May 24 18:01:18 MDT 2019
# Start of session at: Wed Jan 13 23:09:52 2021
# Process ID: 20256
# Current directory: C:/Users/bfcoc/OneDrive/Desktop/Shyama Gandhi/ECE_315_WINTER2021/Tutorial_lab_0/Tutoriallab_ECE315
# Command line: vivado.exe -gui_launcher_event rodinguilauncherevent37212 C:\Users\bfcoc\OneDrive\Desktop\Shyama Gandhi\ECE_315_WINTER2021\Tutorial_lab_0\Tutoriallab_ECE315\Tutoriallab_ECE315.xpr
# Log file: C:/Users/bfcoc/OneDrive/Desktop/Shyama Gandhi/ECE_315_WINTER2021/Tutorial_lab_0/Tutoriallab_ECE315/vivado.log
# Journal file: C:/Users/bfcoc/OneDrive/Desktop/Shyama Gandhi/ECE_315_WINTER2021/Tutorial_lab_0/Tutoriallab_ECE315\vivado.jou
#-----------------------------------------------------------
start_gui
open_project {C:/Users/bfcoc/OneDrive/Desktop/Shyama Gandhi/ECE_315_WINTER2021/Tutorial_lab_0/Tutoriallab_ECE315/Tutoriallab_ECE315.xpr}
