#-----------------------------------------------------------
# Vivado v2019.1 (64-bit)
# SW Build 2552052 on Fri May 24 14:49:42 MDT 2019
# IP Build 2548770 on Fri May 24 18:01:18 MDT 2019
# Start of session at: Sat Feb 26 13:37:43 2022
# Process ID: 12432
# Current directory: C:/Users/Matt/Desktop/ece315_labs/lab2/Project Files part2/lab2_v0
# Command line: vivado.exe -gui_launcher_event rodinguilauncherevent11556 C:\Users\Matt\Desktop\ece315_labs\lab2\Project Files part2\lab2_v0\lab2_v0.xpr
# Log file: C:/Users/Matt/Desktop/ece315_labs/lab2/Project Files part2/lab2_v0/vivado.log
# Journal file: C:/Users/Matt/Desktop/ece315_labs/lab2/Project Files part2/lab2_v0\vivado.jou
#-----------------------------------------------------------
start_gui
open_project {C:/Users/Matt/Desktop/ece315_labs/lab2/Project Files part2/lab2_v0/lab2_v0.xpr}
update_compile_order -fileset sources_1
file mkdir {C:/Users/Matt/Desktop/ece315_labs/lab2/Project Files part2/lab2_v0/lab2_v0.sdk}
file copy -force {C:/Users/Matt/Desktop/ece315_labs/lab2/Project Files part2/lab2_v0/lab2_v0.runs/impl_1/design_1_wrapper.sysdef} {C:/Users/Matt/Desktop/ece315_labs/lab2/Project Files part2/lab2_v0/lab2_v0.sdk/design_1_wrapper.hdf}

launch_sdk -workspace {C:/Users/Matt/Desktop/ece315_labs/lab2/Project Files part2/lab2_v0/lab2_v0.sdk} -hwspec {C:/Users/Matt/Desktop/ece315_labs/lab2/Project Files part2/lab2_v0/lab2_v0.sdk/design_1_wrapper.hdf}
